
> squad-new@1.0.0 prebuild
> node -e "const fs = require('fs'); fs.rmSync('dist', { recursive: true, force: true }); fs.rmSync('.tsbuildinfo', { force: true });"


> squad-new@1.0.0 build
> npm run build:frontend && npm run build:backend


> squad-new@1.0.0 build:frontend
> cd frontend && npm run build


> frontend@0.0.0 build
> tsc -b && vite build

[36mvite v7.3.1 [32mbuilding client environment for production...[36m[39m
node.exe : <script src="/env-config.js"> in "/index.html" can't be bundled without 
type="module" attribute
At C:\nvm4w\nodejs\npm.ps1:16 char:5
+     & "$basedir/node$exe"  "$basedir/node_modules/npm/bin/npm-cli.js" ...
+     ~~~~~~~~~~~~~~~~~~~~~~~~~~~~~~~~~~~~~~~~~~~~~~~~~~~~~~~~~~~~~~~~~
    + CategoryInfo          : NotSpecified: (<script src="/e...dule" attribute:Str 
   ing) [], RemoteException
    + FullyQualifiedErrorId : NativeCommandError
 
transforming...
[32mÔ£ô[39m 1848 modules transformed.
rendering chunks...
[33m[plugin vite:reporter] 
(!) E:/SQUAD/squad-new/frontend/src/services/api.ts is dynamically imported by 
E:/SQUAD/squad-new/frontend/src/views/GuestBookingView.tsx, 
E:/SQUAD/squad-new/frontend/src/views/GuestBookingView.tsx, 
E:/SQUAD/squad-new/frontend/src/views/GuestOrderingView.tsx, 
E:/SQUAD/squad-new/frontend/src/views/GuestOrderingView.tsx, 
E:/SQUAD/squad-new/frontend/src/views/OwnersView.tsx, 
E:/SQUAD/squad-new/frontend/src/views/ReservationsView.tsx, 
E:/SQUAD/squad-new/frontend/src/views/StaffDashboard.tsx, 
E:/SQUAD/squad-new/frontend/src/views/StaffDashboard.tsx, 
E:/SQUAD/squad-new/frontend/src/views/StaffDashboard.tsx, 
E:/SQUAD/squad-new/frontend/src/views/StaffDashboard.tsx but also statically 
imported by E:/SQUAD/squad-new/frontend/src/App.tsx, 
E:/SQUAD/squad-new/frontend/src/services/admin.service.ts, 
E:/SQUAD/squad-new/frontend/src/services/auth.service.ts, 
E:/SQUAD/squad-new/frontend/src/services/room.service.ts, 
E:/SQUAD/squad-new/frontend/src/services/system.service.ts, 
E:/SQUAD/squad-new/frontend/src/views/Admin/ProductSales.tsx, 
E:/SQUAD/squad-new/frontend/src/views/Admin/PromoCodeManagement.tsx, 
E:/SQUAD/squad-new/frontend/src/views/GuestBookingView.tsx, 
E:/SQUAD/squad-new/frontend/src/views/GuestOrderingView.tsx, 
E:/SQUAD/squad-new/frontend/src/views/OperationsDashboard.tsx, 
E:/SQUAD/squad-new/frontend/src/views/OrdersView.tsx, 
E:/SQUAD/squad-new/frontend/src/views/OwnerDashboardView.tsx, 
E:/SQUAD/squad-new/frontend/src/views/ReservationsView.tsx, 
E:/SQUAD/squad-new/frontend/src/views/ShiftHistoryView.tsx, 
E:/SQUAD/squad-new/frontend/src/views/StaffDashboard.tsx, dynamic import will not 
move module into another chunk.
[39m
[2mdist/[22m[32mindex.html                 [39m[1m[2m  0.75 kB[22m[1m[22m
[2mdist/[22m[35massets/index-DEHtkUFV.css  [39m[1m[2m  4.83 kB[22m[1m[22m
[2mdist/[22m[36massets/vendor-C19HzQMO.js  [39m[1m[2m  3.65 kB[22m[1m[22m
[2mdist/[22m[36massets/ui-B0QFgZ_O.js      [39m[1m[2m 35.66 kB[22m[1m[22m
[2mdist/[22m[36massets/index-5qYLMXvJ.js   [39m[1m[33m826.84 kB[39m[22m
[33m
(!) Some chunks are larger than 600 kB after minification. Consider:
- Using dynamic import() to code-split the application
- Use build.rollupOptions.output.manualChunks to improve chunking: 
https://rollupjs.org/configuration-options/#output-manualchunks
- Adjust chunk size limit for this warning via build.chunkSizeWarningLimit.[39m
[32mÔ£ô built in 5.24s[39m

> squad-new@1.0.0 build:backend
> npm run prebuild && tsc


> squad-new@1.0.0 prebuild
> node -e "const fs = require('fs'); fs.rmSync('dist', { recursive: true, force: true }); fs.rmSync('.tsbuildinfo', { force: true });"

src/modules/reports/report.controller.ts(80,41): error TS2339: Property 'sql' does not exist on type 'typeof Prisma'.
src/modules/reports/report.controller.ts(82,41): error TS2339: Property 'sql' does not exist on type 'typeof Prisma'.
src/modules/reports/report.controller.ts(85,41): error TS2339: Property 'sql' does not exist on type 'typeof Prisma'.
src/modules/reports/report.controller.ts(88,41): error TS2339: Property 'sql' does not exist on type 'typeof Prisma'.
src/modules/reports/report.controller.ts(91,30): error TS2339: Property 'join' does not exist on type 'typeof Prisma'.
